// Jest Snapshot v1, https://goo.gl/fbAQLP

exports[`Home Page renders without crashing 1`] = `
<div>
  <Header />
  <div />
</div>
`;
