// Jest Snapshot v1, https://goo.gl/fbAQLP

exports[`StockDetail renders without crashing 1`] = `""`;
